.\venv\Scripts\python : Failed to send telemetry event ClientStartEvent: capture() takes 1 positional argument but 3 were given
At line:1 char:1
+ .\venv\Scripts\python test_e2e.py > test_output.txt 2>&1
+ ~~~~~~~~~~~~~~~~~~~~~~~~~~~~~~~~~~~~~~~~~~~~~~~~~~~~~~~~
    + CategoryInfo              : NotSpeci    fied: (Failed to     send ...ut 3 were     given:String) []    , RemoteException
    + FullyQualifiedE    rrorId : NativeCo    mmandError
 
Failed to send telemetry event ClientCreateCollectionEvent: capture() takes 1 positional argument but 3 were given
============================================================
  End-to-End Test: Knowledge Base -> RAG Pipeline
============================================================

[Step 1] Creating knowledge items...

   [OK] Created: "React Hooks Guide" (ID: sOJp0eRhRi79EzziaMKw)
        Summary: React hooks, such as useState and useEffect, enable the use of state and lifecyc...
   [OK] Created: "FastAPI vs Express Comparison" (ID: Ubg9cfi3chFGYqktQTLL)
        Summary: FastAPI, a Python framework, offers advantages such as auto-generated API docs, ...
   [OK] Created: "Docker Basics" (ID: TAUajbgeMT6R52rvCQgh)
        Summary: Docker containers ensure consistent app performance by packaging the app with it...

[Step 2] Verifying Firestore storage...

Traceback (most recent call last):
  File "C:\Users\Sai Divya\Desktop\ASSIGNMENT\second-brain\backend\venv\Lib\site-packages\google\api_core\grpc_helpers.py", line 149, in 
error_remapped_callable
    return _StreamingResponseIterator(
           ^^^^^^^^^^^^^^^^^^^^^^^^^^^
  File "C:\Users\Sai Divya\Desktop\ASSIGNMENT\second-brain\backend\venv\Lib\site-packages\google\api_core\grpc_helpers.py", line 71, in __init__
    self._stored_first_result = next(self._wrapped)
                                ^^^^^^^^^^^^^^^^^^^
  File "C:\Users\Sai Divya\Desktop\ASSIGNMENT\second-brain\backend\venv\Lib\site-packages\grpc\_channel.py", line 538, in __next__
    return self._next()
           ^^^^^^^^^^^^
  File "C:\Users\Sai Divya\Desktop\ASSIGNMENT\second-brain\backend\venv\Lib\site-packages\grpc\_channel.py", line 956, in _next
    raise self
grpc._channel._MultiThreadedRendezvous: <_MultiThreadedRendezvous of RPC that terminated with:
	status = StatusCode.FAILED_PRECONDITION
	details = "The query requires an index. You can create it here: https://console.firebase.google.com/v1/r/project/second-brain-d678a/firestore/indexes
?create_composite=Clpwcm9qZWN0cy9zZWNvbmQtYnJhaW4tZDY3OGEvZGF0YWJhc2VzLyhkZWZhdWx0KS9jb2xsZWN0aW9uR3JvdXBzL2tub3dsZWRnZV9pdGVtcy9pbmRleGVzL18QARoKCgZ1
c2VySWQQARoNCgljcmVhdGVkQXQQAhoMCghfX25hbWVfXxAC"
	debug_error_string = "UNKNOWN:Error received from peer ipv4:142.251.42.234:443 {grpc_status:9, grpc_message:"The query requires an index. You can 
create it here: https://console.firebase.google.com/v1/r/project/second-brain-d678a/firestore/indexes?create_composite=Clpwcm9qZWN0cy9zZWNvbmQtYnJhaW4
tZDY3OGEvZGF0YWJhc2VzLyhkZWZhdWx0KS9jb2xsZWN0aW9uR3JvdXBzL2tub3dsZWRnZV9pdGVtcy9pbmRleGVzL18QARoKCgZ1c2VySWQQARoNCgljcmVhdGVkQXQQAhoMCghfX25hbWVfXxAC"
}"
>

The above exception was the direct cause of the following exception:

Traceback (most recent call last):
  File "C:\Users\Sai Divya\Desktop\ASSIGNMENT\second-brain\backend\test_e2e.py", line 148, in <module>
    asyncio.run(run_test())
  File "C:\Users\Sai Divya\AppData\Local\Programs\Python\Python311\Lib\asyncio\runners.py", line 190, in run
    return runner.run(main)
           ^^^^^^^^^^^^^^^^
  File "C:\Users\Sai Divya\AppData\Local\Programs\Python\Python311\Lib\asyncio\runners.py", line 118, in run
    return self._loop.run_until_complete(task)
           ^^^^^^^^^^^^^^^^^^^^^^^^^^^^^^^^^^^
  File "C:\Users\Sai Divya\AppData\Local\Programs\Python\Python311\Lib\asyncio\base_events.py", line 653, in run_until_complete
    return future.result()
           ^^^^^^^^^^^^^^^
  File "C:\Users\Sai Divya\Desktop\ASSIGNMENT\second-brain\backend\test_e2e.py", line 93, in run_test
    items = await firebase_db.get_knowledge_items(TEST_USER_ID)
            ^^^^^^^^^^^^^^^^^^^^^^^^^^^^^^^^^^^^^^^^^^^^^^^^^^^
  File "C:\Users\Sai Divya\Desktop\ASSIGNMENT\second-brain\backend\app\db\firebase.py", line 82, in get_knowledge_items
    items = [self._format_item(doc) for doc in docs]
            ^^^^^^^^^^^^^^^^^^^^^^^^^^^^^^^^^^^^^^^^
  File "C:\Users\Sai Divya\Desktop\ASSIGNMENT\second-brain\backend\app\db\firebase.py", line 82, in <listcomp>
    items = [self._format_item(doc) for doc in docs]
            ^^^^^^^^^^^^^^^^^^^^^^^^^^^^^^^^^^^^^^^^
  File "C:\Users\Sai Divya\Desktop\ASSIGNMENT\second-brain\backend\venv\Lib\site-packages\google\cloud\firestore_v1\stream_generator.py", line 58, in 
__next__
    return self._generator.__next__()
           ^^^^^^^^^^^^^^^^^^^^^^^^^^
  File "C:\Users\Sai Divya\Desktop\ASSIGNMENT\second-brain\backend\venv\Lib\site-packages\google\cloud\firestore_v1\query.py", line 422, in 
_make_stream
    response_iterator, expected_prefix = self._get_stream_iterator(
                                         ^^^^^^^^^^^^^^^^^^^^^^^^^^
  File "C:\Users\Sai Divya\Desktop\ASSIGNMENT\second-brain\backend\venv\Lib\site-packages\google\cloud\firestore_v1\query.py", line 267, in 
_get_stream_iterator
    response_iterator = self._client._firestore_api.run_query(
                        ^^^^^^^^^^^^^^^^^^^^^^^^^^^^^^^^^^^^^^
  File "C:\Users\Sai Divya\Desktop\ASSIGNMENT\second-brain\backend\venv\Lib\site-packages\google\cloud\firestore_v1\services\firestore\client.py", 
line 1643, in run_query
    response = rpc(
               ^^^^
  File "C:\Users\Sai Divya\Desktop\ASSIGNMENT\second-brain\backend\venv\Lib\site-packages\google\api_core\gapic_v1\method.py", line 128, in __call__
    return wrapped_func(*args, **kwargs)
           ^^^^^^^^^^^^^^^^^^^^^^^^^^^^^
  File "C:\Users\Sai Divya\Desktop\ASSIGNMENT\second-brain\backend\venv\Lib\site-packages\google\api_core\retry\retry_unary.py", line 294, in 
retry_wrapped_func
    return retry_target(
           ^^^^^^^^^^^^^
  File "C:\Users\Sai Divya\Desktop\ASSIGNMENT\second-brain\backend\venv\Lib\site-packages\google\api_core\retry\retry_unary.py", line 156, in 
retry_target
    next_sleep = _retry_error_helper(
                 ^^^^^^^^^^^^^^^^^^^^
  File "C:\Users\Sai Divya\Desktop\ASSIGNMENT\second-brain\backend\venv\Lib\site-packages\google\api_core\retry\retry_base.py", line 216, in 
_retry_error_helper
    raise final_exc from source_exc
  File "C:\Users\Sai Divya\Desktop\ASSIGNMENT\second-brain\backend\venv\Lib\site-packages\google\api_core\retry\retry_unary.py", line 147, in 
retry_target
    result = target()
             ^^^^^^^^
  File "C:\Users\Sai Divya\Desktop\ASSIGNMENT\second-brain\backend\venv\Lib\site-packages\google\api_core\timeout.py", line 130, in func_with_timeout
    return func(*args, **kwargs)
           ^^^^^^^^^^^^^^^^^^^^^
  File "C:\Users\Sai Divya\Desktop\ASSIGNMENT\second-brain\backend\venv\Lib\site-packages\google\api_core\grpc_helpers.py", line 153, in 
error_remapped_callable
    raise exceptions.from_grpc_error(exc) from exc
google.api_core.exceptions.FailedPrecondition: 400 The query requires an index. You can create it here: https://console.firebase.google.com/v1/r/proje
ct/second-brain-d678a/firestore/indexes?create_composite=Clpwcm9qZWN0cy9zZWNvbmQtYnJhaW4tZDY3OGEvZGF0YWJhc2VzLyhkZWZhdWx0KS9jb2xsZWN0aW9uR3JvdXBzL2tub
3dsZWRnZV9pdGVtcy9pbmRleGVzL18QARoKCgZ1c2VySWQQARoNCgljcmVhdGVkQXQQAhoMCghfX25hbWVfXxAC
